RAM Allocation [bytes]
Variable                                                                          Address   Size
------------------------------------------------------------------------------------------------
st                                                                                0x0160      20
_base_y                                                                           0x0174       4

EEPROM Allocation [bytes]
Variable                                                                          Address   Size
------------------------------------------------------------------------------------------------

Register Allocation
Variable                                                                          Register  Size
------------------------------------------------------------------------------------------------
counter                                                                           R4,R5        2
_lcd_x                                                                            R7           1
_lcd_y                                                                            R6           1
_lcd_maxx                                                                         R9           1

FLASH Allocation [words]
Function                                                                          Address   Size
------------------------------------------------------------------------------------------------
main                                                                              0x00072     35
_lcd_write_nibble_G100                                                            0x00095     20
_lcd_write_data                                                                   0x000A9     12
lcd_gotoxy                                                                        0x000B5     13
lcd_clear                                                                         0x000C2     12
lcd_putchar                                                                       0x000CE     21
lcd_puts                                                                          0x000E3     17
lcd_init                                                                          0x000F4     45
put_buff_G101                                                                     0x00121     64
_print_G101                                                                       0x00161    308
sprintf                                                                           0x00295     52
strlen                                                                            0x002C9     12
strlenf                                                                           0x002D5     13
